C51 COMPILER V9.56.0.0   IRCON                                                             01/05/2018 09:06:13 PAGE 1   


C51 COMPILER V9.56.0.0, COMPILATION OF MODULE IRCON
OBJECT MODULE PLACED IN Ircon.OBJ
COMPILER INVOKED BY: D:\Keil_v5\C51\BIN\C51.EXE Ircon.c OPTIMIZE(8,SPEED) BROWSE DEBUG OBJECTEXTEND TABS(2)

line level    source

   1          #include "Ircon.h"
   2          
   3          uchar IrValue[6];
   4          uchar Time;
   5          /*******************************************************************************
   6          * 函数名         : DelayMs()
   7          * 函数功能       : 延时
   8          * 输入           : x
   9          * 输出           : 无
  10          *******************************************************************************/
  11          
  12          void DelayMs(uint x)   //0.14ms误差 0us
  13          {
  14   1        uchar i;
  15   1        while(x--)
  16   1        {
  17   2          for (i = 0; i<13; i++)
  18   2          {}
  19   2        }
  20   1      }
  21          /*******************************************************************************
  22          * 函数名         : IrInit()
  23          * 函数功能       : 初始化红外线接收
  24          * 输入           : 无
  25          * 输出           : 无
  26          *******************************************************************************/
  27          
  28          void IrInit()
  29          {
  30   1        IT0=1;//下降沿触发
  31   1        EX0=1;//打开中断0允许
  32   1        EA=1; //打开总中断
  33   1      
  34   1        IRIN=1;//初始化端口
  35   1      }
  36          /*******************************************************************************
  37          * 函数名         : ReadIr()
  38          * 函数功能       : 读取红外数值的中断函数
  39          * 输入           : 无
  40          * 输出           : 无
  41          *******************************************************************************/
  42          
  43          void ReadIr() interrupt 0
  44          {
  45   1        uchar j,k;
  46   1        uint err;
  47   1        Time=0;          
  48   1        DelayMs(70);
  49   1      
  50   1        if(IRIN==0)   //确认是否真的接收到正确的信号
  51   1        {  
  52   2          
  53   2          err=1000;       //1000*10us=10ms,超过说明接收到错误的信号
  54   2        
  55   2          /*当两个条件都为真是循环，如果有一个条件为假的时候跳出循环，免得程序出错的时
C51 COMPILER V9.56.0.0   IRCON                                                             01/05/2018 09:06:13 PAGE 2   

  56   2          侯，程序死在这里*/  
  57   2          while((IRIN==0)&&(err>0)) //等待前面9ms的低电平过去     
  58   2          {     
  59   3            DelayMs(1);
  60   3            err--;
  61   3          } 
  62   2          if(IRIN==1)     //如果正确等到9ms低电平
  63   2          {
  64   3            err=500;
  65   3            while((IRIN==1)&&(err>0))    //等待4.5ms的起始高电平过去
  66   3            {
  67   4              DelayMs(1);
  68   4              err--;
  69   4            }
  70   3            for(k=0;k<4;k++)    //共有4组数据
  71   3            {       
  72   4              for(j=0;j<8;j++)  //接收一组数据
  73   4              {
  74   5      
  75   5                err=60;   
  76   5                while((IRIN==0)&&(err>0))//等待信号前面的560us低电平过去
  77   5                {
  78   6                  DelayMs(1);
  79   6                  err--;
  80   6                }
  81   5                err=500;
  82   5                while((IRIN==1)&&(err>0))  //计算高电平的时间长度。
  83   5                {
  84   6                  DelayMs(1);//0.14ms
  85   6                  Time++;
  86   6                  err--;
  87   6                  if(Time>30)
  88   6                  {
  89   7                    EX0=1;
  90   7                    return;
  91   7                  }
  92   6                }
  93   5                IrValue[k]>>=1;  //k表示第几组数据
  94   5                if(Time>=8)     //如果高电平出现大于565us，那么是1
  95   5                {
  96   6                  IrValue[k]|=0x80;
  97   6                }
  98   5                Time=0;   //用完时间要重新赋值              
  99   5              }
 100   4            }
 101   3          }
 102   2          if(IrValue[2]!=~IrValue[3])
 103   2          {
 104   3            return;
 105   3          }
 106   2        }     
 107   1      }


MODULE INFORMATION:   STATIC OVERLAYABLE
   CODE SIZE        =    282    ----
   CONSTANT SIZE    =   ----    ----
   XDATA SIZE       =   ----    ----
   PDATA SIZE       =   ----    ----
   DATA SIZE        =      7       1
   IDATA SIZE       =   ----    ----
   BIT SIZE         =   ----    ----
C51 COMPILER V9.56.0.0   IRCON                                                             01/05/2018 09:06:13 PAGE 3   

END OF MODULE INFORMATION.


C51 COMPILATION COMPLETE.  0 WARNING(S),  0 ERROR(S)
