C51 COMPILER V9.56.0.0   CYCLE                                                             01/09/2018 16:44:11 PAGE 1   


C51 COMPILER V9.56.0.0, COMPILATION OF MODULE CYCLE
OBJECT MODULE PLACED IN cycle.OBJ
COMPILER INVOKED BY: D:\Keil_v5\C51\BIN\C51.EXE cycle.c LARGE OPTIMIZE(8,SPEED) DEBUG OBJECTEXTEND PRINT(.\Listings\cycl
                    -e.lst) TABS(2)

line level    source

   1          
   2          #include"array.h"
   3          #include"dis.h"
   4          #include"Ircon.h"                                             
   5          /*******************************************************************************
   6          * 函 数 名         : cycle
   7          * 函数功能       : 汉字循环显示函数
   8          * 输    入         : 无
   9          * 输    出         : 无
  10          *******************************************************************************/
  11          void cycle(void)
  12          {   
  13   1        int k,  ms;
  14   1        int j=0;
  15   1         unsigned char code tab10[] = {0,0,0,0,0,0,0,0,0,0,0,0,0,0,0,0,0,0,0,0,0,0,0,0,0,0,0,0,0,0,0,0};
  16   1           //--单--//
  17   1        
  18   1         unsigned char code tab1[] ={16,4,32,2,248,15,136,8,136,8,248,15,136,8,136,8,248,15,128,0,128,0,254,63,12
             -8,0,128,0,0,0,0,0}; 
  19   1           //--片--//
  20   1         
  21   1         unsigned char code tab2[] ={0,2,8,2,8,2,8,2,248,31,8,0,8,0,8,0,248,7,8,4,8,4,8,4,4,4,2,4,0,0,0,0};
  22   1           //--机--//
  23   1         
  24   1         unsigned char code tab3[] ={8,0,136,15,136,8,190,8,136,8,136,8,156,8,172,8,138,8,136,8,136,8,72,40,72,40
             -,40,48,0,0,0,0};
  25   1           //--原--//
  26   1         
  27   1         unsigned char code tab4[] ={248,63,8,2,8,1,200,31,72,16,200,31,72,16,200,31,8,2,72,18,72,34,36,34,4,2,13
             -0,3,0,0,0,0};
  28   1         //--理--//
  29   1                    
  30   1         unsigned char code tab5[] ={0,0,192,31,94,18,72,18,200,31,72,18,94,18,200,31,8,2,8,2,216,31,6,2,0,2,224
             -,63,0,0,0,0};
  31   1         //--及--//
  32   1                    
  33   1          unsigned char code tab6[] ={0,0,252,7,16,4,16,2,16,2,16,15,16,8,80,4,80,4,136,2,8,1,132,2,98,12,24,48,
             -0,0,0,0};
  34   1         //--应--//
  35   1                    
  36   1          unsigned char code tab7[] ={128,0,0,1,252,63,4,0,132,0,4,17,4,18,20,18,36,16,68,8,68,8,4,4,4,2,242,63,
             -0,0,0,0};
  37   1         //--用--//
  38   1                    
  39   1         unsigned char code tab8[] ={0,0,248,63,8,33,8,33,8,33,248,63,8,33,8,33,248,63,8,33,8,33,4,33,4,33,2,56,
             -0,0,0,0};
  40   1      
  41   1          unsigned char code tab9[] = {0,0,0,0,0,0,0,0,0,0,0, 0,0,0,0,0,0,0,0,0,0,0,0,0,0,0,0,0,0,0,0,0};
  42   1      
  43   1      //--定义一个指针数组指向每个汉字--//
  44   1        uchar *p[] = 
  45   1                    {tab10, tab1, tab2, tab3, tab4, tab5, tab6, tab7, tab8, tab9};            
  46   1        while(1)
  47   1        {
C51 COMPILER V9.56.0.0   CYCLE                                                             01/09/2018 16:44:11 PAGE 2   

  48   2          if(IrValue[2]==0x46)
  49   2              return;
  50   2          else
  51   2          {
  52   3            for(ms = 20; ms > 0; ms--)  //移动定格时间设置
  53   3            {
  54   4              for(k = 0; k < 16; k++) //显示一个字
  55   4              {             
  56   5                HC595SendData(~(*(p[0] + 2*(k+j) + 1)),~(*(p[0] + 2*(k+j) )),tab100[2*k],tab100[2*k + 1]); //因为字模
             -软件取的数组是高电平有效，所以列要取反        
  57   5              }
  58   4              
  59   4              //--清屏--//
  60   4              HC595SendData(0xff,0xff,0,0);                      //清屏    
  61   4            } 
  62   3      
  63   3            
  64   3            j++;
  65   3            if(j == (10*13) )
  66   3            {
  67   4              j = 0; 
  68   4            }
  69   3          }
  70   2          
  71   2        }                         
  72   1      }
  73          
  74          
  75          
  76          
  77          
  78          
  79          
  80          


MODULE INFORMATION:   STATIC OVERLAYABLE
   CODE SIZE        =    279    ----
   CONSTANT SIZE    =    350    ----
   XDATA SIZE       =   ----      36
   PDATA SIZE       =   ----    ----
   DATA SIZE        =   ----    ----
   IDATA SIZE       =   ----    ----
   BIT SIZE         =   ----    ----
END OF MODULE INFORMATION.


C51 COMPILATION COMPLETE.  0 WARNING(S),  0 ERROR(S)
