C51 COMPILER V9.56.0.0   CYCLE                                                             01/05/2018 11:24:25 PAGE 1   


C51 COMPILER V9.56.0.0, COMPILATION OF MODULE CYCLE
OBJECT MODULE PLACED IN .\Objects\cycle.obj
COMPILER INVOKED BY: D:\Keil_v5\C51\BIN\C51.EXE cycle.c OPTIMIZE(8,SPEED) BROWSE INCDIR(.\Objects) DEBUG OBJECTEXTEND PR
                    -INT(.\Listings\cycle.lst) TABS(2) OBJECT(.\Objects\cycle.obj)

line level    source

   1          
   2          #include"array.h"
   3          #include"dis.h"
   4          #include"Ircon.h"                                             
   5          /*******************************************************************************
   6          * 函 数 名         : cycle
   7          * 函数功能       : 汉字循环显示函数
   8          * 输    入         : 无
   9          * 输    出         : 无
  10          *******************************************************************************/
  11          void cycle(void)
  12          {   
  13   1        int k, j, ms;
  14   1      
  15   1      //--点阵显示数组定义--//
  16   1        unsigned char tab0[] = {0x00, 0x01, 0x00, 0x02, 0x00, 0x04, 0x00, 0x08,
  17   1                                 0x00, 0x10, 0x00, 0x20, 0x00, 0x40, 0x00, 0x80,
  18   1                                0x01, 0x00, 0x02, 0x00, 0x04, 0x00, 0x08, 0x00,
  19   1                                0x10, 0x00, 0x20, 0x00, 0x40, 0x00, 0x80, 0x00};
  20   1      
  21   1         unsigned char code tab10[] = {0,0,0,0,0,0,0,0,0,0,0,0,0,0,0,0,
  22   1                                      0,0,0,0,0,0,0,0,0,0,0,0,0,0,0,0};
  23   1      
  24   1         //--单--//
  25   1         unsigned char code tab1[] ={16,4,32,2,248,15,136,8,136,8,248,
  26   1                                  15,136,8,136,8,248,15,128,0,128,
  27   1                    0,254,63,128,0,128,0,0,0,0,0};
  28   1      
  29   1         //--片--//
  30   1         unsigned char code tab2[] ={0,2,8,2,8,2,8,2,248,31,8,
  31   1                                  0,8,0,8,0,248,7,8,4,8,4,
  32   1                    8,4,4,4,2,4,0,0,0,0};
  33   1         //--机--//
  34   1         unsigned char code tab3[] ={8,0,136,15,136,8,190,8,136,
  35   1                                  8,136,8,156,8,172,8,138,8,136,
  36   1                    8,136,8,72,40,72,40,40,48,0,0,0,0};
  37   1          //--原--//
  38   1         unsigned char code tab4[] ={248,63,8,2,8,1,200,31,72,
  39   1                                  16,200,31,72,16,200,31,8,2,
  40   1                    72,18,72,34,36,34,4,2,130,3,0,0,0,0};
  41   1         //--理--//
  42   1         unsigned char code tab5[] ={0,0,192,31,94,18,72,18,
  43   1                                  200,31,72,18,94,18,200,31,8,
  44   1                    2,8,2,216,31,6,2,0,2,224,63,0,0,0,0};
  45   1         //--及--//
  46   1          unsigned char code tab6[] ={0,0,252,7,16,4,16,2,
  47   1                                  16,2,16,15,16,8,80,4,80,4,
  48   1                    136,2,8,1,132,2,98,12,24,48,0,0,0,0};
  49   1         //--应--//
  50   1          unsigned char code tab7[] ={128,0,0,1,252,63,4,0,
  51   1                                  132,0,4,17,4,18,20,18,36,16,
  52   1                    68,8,68,8,4,4,4,2,242,63,0,0,0,0};
  53   1         //--用--//
  54   1         unsigned char code tab8[] ={0,0,248,63,8,33,8,33,8,
C51 COMPILER V9.56.0.0   CYCLE                                                             01/05/2018 11:24:25 PAGE 2   

  55   1                                  33,248,63,8,33,8,33,248,63,8,
  56   1                    33,8,33,4,33,4,33,2,56,0,0,0,0};
  57   1      
  58   1          unsigned char code tab9[] = {0,0,0,0,0,0,0,0,0,0,0,
  59   1                                   0,0,0,0,0,0,0,0,0,0,0,0,
  60   1                     0,0,0,0,0,0,0,0,0};
  61   1      
  62   1      //--定义一个指针数组指向每个汉字--//
  63   1        uchar *p[] = 
  64   1                    {tab10, tab1, tab2, tab3, tab4, tab5, tab6, tab7, tab8, tab9};            
  65   1        while(1)
  66   1        {
  67   2          if(IrValue[2]==0xBB)
  68   2              return;
  69   2          else
  70   2          {
  71   3            for(ms = 20; ms > 0; ms--)  //移动定格时间设置
  72   3            {
  73   4              for(k = 0; k < 16; k++) //显示一个字
  74   4              {             
  75   5                HC595SendData(~(*(p[0] + 2*(k+j) + 1)),~(*(p[0] + 2*(k+j) )),tab0[2*k],tab0[2*k + 1]); //因为字模软件
             -取的数组是高电平有效，所以列要取反        
  76   5              }
  77   4              
  78   4              //--清屏--//
  79   4              HC595SendData(0xff,0xff,0,0);                      //清屏    
  80   4            } 
  81   3      
  82   3            
  83   3            j++;
  84   3            if(j == (10*13) )
  85   3            {
  86   4              j = 0; 
  87   4            }
  88   3          }
  89   2          
  90   2        }                         
  91   1      }
  92          
  93          
  94          
  95          
  96          
  97          
  98          
  99          


MODULE INFORMATION:   STATIC OVERLAYABLE
   CODE SIZE        =    225    ----
   CONSTANT SIZE    =    382    ----
   XDATA SIZE       =   ----    ----
   PDATA SIZE       =   ----    ----
   DATA SIZE        =   ----      68
   IDATA SIZE       =   ----    ----
   BIT SIZE         =   ----    ----
END OF MODULE INFORMATION.


C51 COMPILATION COMPLETE.  0 WARNING(S),  0 ERROR(S)
