BL51 BANKED LINKER/LOCATER V6.22                                                        01/08/2018  23:21:02  PAGE 1


BL51 BANKED LINKER/LOCATER V6.22, INVOKED BY:
D:\KEIL_V5\C51\BIN\BL51.EXE .\Objects\dis.obj, .\Objects\Ircon.obj, .\Objects\main.obj TO .\Objects\test PRINT (.\Listin
>> gs\test.m51) RAMSIZE (256)


MEMORY MODEL: LARGE WITH FLOATING POINT ARITHMETIC


INPUT MODULES INCLUDED:
  .\Objects\dis.obj (DIS)
  .\Objects\Ircon.obj (IRCON)
  .\Objects\main.obj (MAIN)
  D:\KEIL_V5\C51\LIB\C51FPL.LIB (?C?FPADD)
  D:\KEIL_V5\C51\LIB\C51FPL.LIB (?C?FCAST)
  D:\KEIL_V5\C51\LIB\C51FPL.LIB (?C?CASTF)
  D:\KEIL_V5\C51\LIB\C51FPL.LIB (POW)
  D:\KEIL_V5\C51\LIB\C51FPL.LIB (?C?FPGETOPN)
  D:\KEIL_V5\C51\LIB\C51FPL.LIB (?C?CHKFLOAT)
  D:\KEIL_V5\C51\LIB\C51FPL.LIB (?C?FPMUL)
  D:\KEIL_V5\C51\LIB\C51FPL.LIB (?C?FPCMP)
  D:\KEIL_V5\C51\LIB\C51FPL.LIB (?C?FPNEG)
  D:\KEIL_V5\C51\LIB\C51FPL.LIB (EXP)
  D:\KEIL_V5\C51\LIB\C51FPL.LIB (LOG)
  D:\KEIL_V5\C51\LIB\C51FPL.LIB (?C?FPDIV)
  D:\KEIL_V5\C51\LIB\C51FPL.LIB (?C?FPSERIES)
  D:\KEIL_V5\C51\LIB\C51L.LIB (?C_STARTUP)
  D:\KEIL_V5\C51\LIB\C51L.LIB (?C?COPY)
  D:\KEIL_V5\C51\LIB\C51L.LIB (?C?LNEG)
  D:\KEIL_V5\C51\LIB\C51L.LIB (?C?LLDCODE)
  D:\KEIL_V5\C51\LIB\C51L.LIB (?C?LLDXDATA0)
  D:\KEIL_V5\C51\LIB\C51L.LIB (?C?LLDCODE0)
  D:\KEIL_V5\C51\LIB\C51L.LIB (?C?LSTXDATA)
  D:\KEIL_V5\C51\LIB\C51L.LIB (?C?LSTKXDATA)
  D:\KEIL_V5\C51\LIB\C51L.LIB (?C?OFFXADD)
  D:\KEIL_V5\C51\LIB\C51L.LIB (?C?MEMSET)
  D:\KEIL_V5\C51\LIB\C51L.LIB (?C_INIT)


LINK MAP OF MODULE:  .\Objects\test (DIS)


            TYPE    BASE      LENGTH    RELOCATION   SEGMENT NAME
            -----------------------------------------------------

            * * * * * * *   D A T A   M E M O R Y   * * * * * * *
            REG     0000H     0008H     ABSOLUTE     "REG BANK 0"
                    0008H     0018H                  *** GAP ***
            BIT     0020H.0   0000H.1   UNIT         _BIT_GROUP_
                    0020H.1   0000H.7                *** GAP ***
            IDATA   0021H     0001H     UNIT         ?STACK

            * * * * * * *  X D A T A   M E M O R Y  * * * * * * *
            XDATA   0000H     0173H     UNIT         _XDATA_GROUP_
            XDATA   0173H     000CH     UNIT         ?XD?DIS
            XDATA   017FH     0008H     UNIT         ?XD?IRCON
            XDATA   0187H     0002H     UNIT         ?XD?_LI?DIS

            * * * * * * *   C O D E   M E M O R Y   * * * * * * *
BL51 BANKED LINKER/LOCATER V6.22                                                      01/08/2018  23:21:02  PAGE 2


            CODE    0000H     0003H     ABSOLUTE     
            CODE    0003H     0003H     ABSOLUTE     
            CODE    0006H     0725H     UNIT         ?PR?MAIN?MAIN
            CODE    072BH     05F3H     UNIT         ?C?LIB_CODE
            CODE    0D1EH     02E0H     UNIT         ?CO?DIS
            CODE    0FFEH     0166H     UNIT         ?PR?_POW?POW
            CODE    1164H     0160H     UNIT         ?CO?MAIN
            CODE    12C4H     015CH     UNIT         ?PR?READIR?IRCON
            CODE    1420H     0129H     UNIT         ?PR?LOG?LOG
            CODE    1549H     009AH     UNIT         ?PR?EXP?EXP
            CODE    15E3H     008CH     UNIT         ?C_C51STARTUP
            CODE    166FH     007CH     UNIT         ?PR?_LI?DIS
            CODE    16EBH     0073H     UNIT         ?PR?_HC595SENDDATA?DIS
            CODE    175EH     001AH     UNIT         ?PR?_DELAYMS?IRCON
            CODE    1778H     0009H     UNIT         ?PR?IRINIT?IRCON
            CODE    1781H     0005H     UNIT         ?C_INITSEG



OVERLAY MAP OF MODULE:   .\Objects\test (DIS)


SEGMENT                           BIT_GROUP          XDATA_GROUP
  +--> CALLED SEGMENT          START    LENGTH     START    LENGTH
------------------------------------------------------------------
?PR?READIR?IRCON               -----    -----      0000H    0002H
  +--> ?PR?_DELAYMS?IRCON

*** NEW ROOT ***************************************************

?C_C51STARTUP                  -----    -----      -----    -----
  +--> ?PR?MAIN?MAIN
  +--> ?C_INITSEG

?PR?MAIN?MAIN                  -----    -----      0002H    0163H
  +--> ?CO?MAIN
  +--> ?PR?IRINIT?IRCON
  +--> ?PR?_HC595SENDDATA?DIS
  +--> ?PR?_POW?POW

?PR?_HC595SENDDATA?DIS         -----    -----      0165H    0004H

?PR?_POW?POW                   -----    -----      0165H    000AH
  +--> ?PR?LOG?LOG
  +--> ?PR?EXP?EXP

?PR?LOG?LOG                    0020H.0  0000H.1    016FH    0004H



SYMBOL TABLE OF MODULE:  .\Objects\test (DIS)

  VALUE           TYPE          NAME
  ----------------------------------

  -------         MODULE        DIS
  C:0000H         SYMBOL        _ICE_DUMMY_
BL51 BANKED LINKER/LOCATER V6.22                                                      01/08/2018  23:21:02  PAGE 3


  D:0090H         PUBLIC        P1
  D:00B0H         PUBLIC        P3
  B:00B0H.4       PUBLIC        MOSIO
  B:00B0H.5       PUBLIC        R_CLK
  B:00B0H.6       PUBLIC        S_CLK
  D:00A8H         PUBLIC        IE
  X:0173H         PUBLIC        column
  D:00B8H         PUBLIC        IP
  C:0D1EH         PUBLIC        tab10
  D:0098H         PUBLIC        SCON
  D:0088H         PUBLIC        TCON
  C:0D3EH         PUBLIC        tab
  C:16EBH         PUBLIC        _HC595SendData
  C:166FH         PUBLIC        _li
  X:0177H         PUBLIC        dt
  X:017BH         PUBLIC        row
  D:00C8H         PUBLIC        T2CON
  D:00D0H         PUBLIC        PSW
  -------         PROC          _LI
  X:0187H         SYMBOL        x
  -------         DO            
  X:0188H         SYMBOL        k
  -------         ENDDO         
  C:166FH         LINE#         93
  C:1674H         LINE#         94
  C:1674H         LINE#         98
  C:1681H         LINE#         99
  C:1681H         LINE#         100
  C:16E2H         LINE#         102
  C:16EAH         LINE#         104
  -------         ENDPROC       _LI
  -------         PROC          _HC595SENDDATA
  D:0007H         SYMBOL        BT3
  D:0005H         SYMBOL        BT2
  D:0003H         SYMBOL        BT1
  X:0168H         SYMBOL        BT0
  -------         DO            
  D:0006H         SYMBOL        i
  -------         ENDDO         
  C:16EBH         LINE#         107
  C:16EBH         LINE#         108
  C:16EBH         LINE#         112
  C:16EDH         LINE#         113
  C:16EDH         LINE#         114
  C:16F8H         LINE#         115
  C:16FCH         LINE#         117
  C:16FEH         LINE#         118
  C:1700H         LINE#         119
  C:1705H         LINE#         122
  C:1707H         LINE#         123
  C:1707H         LINE#         124
  C:1712H         LINE#         125
  C:1716H         LINE#         127
  C:1718H         LINE#         128
  C:171AH         LINE#         129
  C:171FH         LINE#         132
  C:1721H         LINE#         133
BL51 BANKED LINKER/LOCATER V6.22                                                      01/08/2018  23:21:02  PAGE 4


  C:1721H         LINE#         134
  C:172CH         LINE#         135
  C:1730H         LINE#         136
  C:1732H         LINE#         137
  C:1734H         LINE#         138
  C:1739H         LINE#         141
  C:173BH         LINE#         142
  C:173BH         LINE#         143
  C:174AH         LINE#         144
  C:174EH         LINE#         145
  C:1750H         LINE#         146
  C:1752H         LINE#         147
  C:1757H         LINE#         150
  C:1759H         LINE#         151
  C:175BH         LINE#         152
  C:175DH         LINE#         153
  -------         ENDPROC       _HC595SENDDATA
  -------         ENDMOD        DIS

  -------         MODULE        IRCON
  C:0000H         SYMBOL        _ICE_DUMMY_
  D:0090H         PUBLIC        P1
  D:00B0H         PUBLIC        P3
  B:00A8H.7       PUBLIC        EA
  D:00A8H         PUBLIC        IE
  X:017FH         PUBLIC        Time
  D:00B8H         PUBLIC        IP
  C:1762H         PUBLIC        _DelayMs
  B:00B0H.2       PUBLIC        IRIN
  D:0098H         PUBLIC        SCON
  D:0088H         PUBLIC        TCON
  C:12C4H         PUBLIC        ReadIr
  X:0180H         PUBLIC        IrValue
  B:00A8H.0       PUBLIC        EX0
  B:0088H.0       PUBLIC        IT0
  C:1778H         PUBLIC        IrInit
  X:0186H         PUBLIC        keyflag
  D:00C8H         PUBLIC        T2CON
  D:00D0H         PUBLIC        PSW
  C:175EH         SYMBOL        L?0030
  -------         PROC          L?0029
  -------         ENDPROC       L?0029
  C:175EH         SYMBOL        L?0030
  -------         PROC          _DELAYMS
  D:0006H         SYMBOL        x
  -------         DO            
  D:0005H         SYMBOL        i
  -------         ENDDO         
  C:1762H         LINE#         13
  C:1762H         LINE#         14
  C:1762H         LINE#         16
  C:176CH         LINE#         17
  C:176CH         LINE#         18
  C:1774H         LINE#         19
  C:1777H         LINE#         20
  C:1777H         LINE#         21
  -------         ENDPROC       _DELAYMS
BL51 BANKED LINKER/LOCATER V6.22                                                      01/08/2018  23:21:02  PAGE 5


  -------         PROC          IRINIT
  C:1778H         LINE#         29
  C:1778H         LINE#         30
  C:1778H         LINE#         31
  C:177AH         LINE#         32
  C:177CH         LINE#         33
  C:177EH         LINE#         35
  C:1780H         LINE#         36
  -------         ENDPROC       IRINIT
  -------         PROC          READIR
  -------         DO            
  D:0003H         SYMBOL        j
  D:0004H         SYMBOL        k
  X:0000H         SYMBOL        err
  -------         ENDDO         
  C:12C4H         LINE#         44
  C:12DBH         LINE#         48
  C:12E0H         LINE#         49
  C:12E6H         LINE#         51
  C:12ECH         LINE#         52
  C:12ECH         LINE#         54
  C:12F6H         LINE#         58
  C:1308H         LINE#         59
  C:1308H         LINE#         60
  C:130BH         LINE#         61
  C:1317H         LINE#         62
  C:1319H         LINE#         63
  C:131FH         LINE#         64
  C:131FH         LINE#         65
  C:1329H         LINE#         66
  C:133BH         LINE#         67
  C:133BH         LINE#         68
  C:133EH         LINE#         69
  C:134AH         LINE#         70
  C:134CH         LINE#         71
  C:134EH         LINE#         72
  C:134EH         LINE#         73
  C:1350H         LINE#         74
  C:1350H         LINE#         76
  C:1359H         LINE#         77
  C:136BH         LINE#         78
  C:136BH         LINE#         79
  C:136EH         LINE#         80
  C:137AH         LINE#         81
  C:137CH         LINE#         82
  C:1386H         LINE#         83
  C:1398H         LINE#         84
  C:1398H         LINE#         85
  C:139BH         LINE#         86
  C:13A1H         LINE#         87
  C:13AFH         LINE#         88
  C:13B8H         LINE#         89
  C:13B8H         LINE#         90
  C:13BCH         LINE#         92
  C:13BCH         LINE#         93
  C:13BCH         LINE#         94
  C:13CAH         LINE#         95
BL51 BANKED LINKER/LOCATER V6.22                                                      01/08/2018  23:21:02  PAGE 6


  C:13D3H         LINE#         96
  C:13D3H         LINE#         97
  C:13E1H         LINE#         98
  C:13E1H         LINE#         99
  C:13E6H         LINE#         100
  C:13EFH         LINE#         101
  C:13F8H         LINE#         102
  C:13F8H         LINE#         103
  C:1405H         LINE#         104
  C:1405H         LINE#         106
  C:1405H         LINE#         107
  C:140BH         LINE#         108
  C:140BH         LINE#         109
  -------         ENDPROC       READIR
  -------         ENDMOD        IRCON

  -------         MODULE        MAIN
  C:0000H         SYMBOL        _ICE_DUMMY_
  D:0090H         PUBLIC        P1
  D:00A0H         PUBLIC        P2
  D:00B0H         PUBLIC        P3
  D:00A8H         PUBLIC        IE
  D:00B8H         PUBLIC        IP
  C:0006H         PUBLIC        main
  D:0098H         PUBLIC        SCON
  D:0088H         PUBLIC        TCON
  C:1164H         SYMBOL        _?ix1000
  C:1264H         SYMBOL        _?ix1001
  C:1284H         SYMBOL        _?ix1002
  C:12A4H         SYMBOL        _?ix1003
  D:00C8H         PUBLIC        T2CON
  D:00D0H         PUBLIC        PSW
  -------         PROC          MAIN
  -------         DO            
  X:0002H         SYMBOL        k
  X:0003H         SYMBOL        hang
  X:0004H         SYMBOL        lie
  X:0005H         SYMBOL        LED
  X:0105H         SYMBOL        move
  X:0125H         SYMBOL        temp
  X:0145H         SYMBOL        tab0
  -------         ENDDO         
  C:0006H         LINE#         26
  C:0006H         LINE#         27
  C:0006H         LINE#         28
  C:000BH         LINE#         29
  C:000DH         LINE#         30
  C:001FH         LINE#         31
  C:0032H         LINE#         33
  C:0045H         LINE#         35
  C:0058H         LINE#         40
  C:005BH         LINE#         41
  C:005BH         LINE#         42
  C:005BH         LINE#         43
  C:0060H         LINE#         44
  C:0060H         LINE#         45
  C:00A7H         LINE#         46
BL51 BANKED LINKER/LOCATER V6.22                                                      01/08/2018  23:21:02  PAGE 7


  C:00EEH         LINE#         47
  C:00FDH         LINE#         49
  C:0108H         LINE#         50
  C:0108H         LINE#         51
  C:010FH         LINE#         52
  C:013AH         LINE#         53
  C:013AH         LINE#         54
  C:0159H         LINE#         55
  C:0162H         LINE#         56
  C:0168H         LINE#         57
  C:016FH         LINE#         58
  C:01C3H         LINE#         60
  C:0217H         LINE#         62
  C:021AH         LINE#         63
  C:0239H         LINE#         64
  C:023FH         LINE#         65
  C:0245H         LINE#         66
  C:024FH         LINE#         67
  C:02A2H         LINE#         69
  C:02F6H         LINE#         71
  C:02F9H         LINE#         72
  C:0318H         LINE#         73
  C:0321H         LINE#         74
  C:0327H         LINE#         75
  C:032FH         LINE#         76
  C:0382H         LINE#         78
  C:03D6H         LINE#         80
  C:03D9H         LINE#         81
  C:03F8H         LINE#         82
  C:03FEH         LINE#         83
  C:0404H         LINE#         84
  C:040EH         LINE#         85
  C:0461H         LINE#         87
  C:04B9H         LINE#         89
  C:04BCH         LINE#         90
  C:04C1H         LINE#         91
  C:04CBH         LINE#         92
  C:04CBH         LINE#         93
  C:04EBH         LINE#         94
  C:04EBH         LINE#         95
  C:0540H         LINE#         96
  C:0540H         LINE#         97
  C:0540H         LINE#         98
  C:0542H         LINE#         100
  C:0542H         LINE#         101
  C:0567H         LINE#         102
  C:0567H         LINE#         103
  C:05BDH         LINE#         104
  C:05DCH         LINE#         105
  C:05DCH         LINE#         106
  C:05DFH         LINE#         107
  C:05E4H         LINE#         108
  C:05F1H         LINE#         109
  C:05F1H         LINE#         110
  C:0613H         LINE#         111
  C:0613H         LINE#         112
  C:066CH         LINE#         113
BL51 BANKED LINKER/LOCATER V6.22                                                      01/08/2018  23:21:02  PAGE 8


  C:068AH         LINE#         114
  C:068AH         LINE#         115
  C:068DH         LINE#         117
  C:068DH         LINE#         118
  C:06B4H         LINE#         119
  C:06B4H         LINE#         120
  C:070AH         LINE#         121
  C:0728H         LINE#         122
  C:0728H         LINE#         123
  -------         ENDPROC       MAIN
  -------         ENDMOD        MAIN

  -------         MODULE        ?C?FPADD
  C:0732H         PUBLIC        ?C?FPADD
  C:072EH         PUBLIC        ?C?FPSUB
  -------         ENDMOD        ?C?FPADD

  -------         MODULE        ?C?FCAST
  C:082DH         PUBLIC        ?C?FCASTC
  C:0828H         PUBLIC        ?C?FCASTI
  C:0823H         PUBLIC        ?C?FCASTL
  -------         ENDMOD        ?C?FCAST

  -------         MODULE        ?C?CASTF
  C:0861H         PUBLIC        ?C?CASTF
  -------         ENDMOD        ?C?CASTF

  -------         MODULE        POW
  X:0165H         PUBLIC        ?_pow?BYTE
  C:0FFEH         PUBLIC        _pow
  -------         ENDMOD        POW

  -------         MODULE        ?C?CHKFLOAT
  C:08E2H         PUBLIC        ?C?CHKFLOAT
  -------         ENDMOD        ?C?CHKFLOAT

  -------         MODULE        ?C?FPMUL
  C:08FCH         PUBLIC        ?C?FPMUL
  -------         ENDMOD        ?C?FPMUL

  -------         MODULE        ?C?FPCMP
  C:0A04H         PUBLIC        ?C?FPCMP
  C:0A02H         PUBLIC        ?C?FPCMP3
  -------         ENDMOD        ?C?FPCMP

  -------         MODULE        ?C?FPNEG
  C:0A7BH         PUBLIC        ?C?FPNEG
  -------         ENDMOD        ?C?FPNEG

  -------         MODULE        EXP
  C:1581H         PUBLIC        _EXP
  -------         ENDMOD        EXP

  -------         MODULE        LOG
  C:1454H         PUBLIC        _LOG
  C:1450H         PUBLIC        _LOG10
  -------         ENDMOD        LOG
BL51 BANKED LINKER/LOCATER V6.22                                                      01/08/2018  23:21:02  PAGE 9



  -------         MODULE        ?C?FPDIV
  C:0A8FH         PUBLIC        ?C?FPDIV
  -------         ENDMOD        ?C?FPDIV

  -------         MODULE        ?C?COPY
  C:0C49H         PUBLIC        ?C?COPY
  -------         ENDMOD        ?C?COPY

  -------         MODULE        ?C?LNEG
  C:0C6FH         PUBLIC        ?C?LNEG
  -------         ENDMOD        ?C?LNEG

  -------         MODULE        ?C?LLDCODE
  C:0C7DH         PUBLIC        ?C?LLDCODE
  -------         ENDMOD        ?C?LLDCODE

  -------         MODULE        ?C?LLDXDATA0
  C:0C8DH         PUBLIC        ?C?LLDXDATA0
  -------         ENDMOD        ?C?LLDXDATA0

  -------         MODULE        ?C?LLDCODE0
  C:0C99H         PUBLIC        ?C?LLDCODE0
  -------         ENDMOD        ?C?LLDCODE0

  -------         MODULE        ?C?LSTXDATA
  C:0CA9H         PUBLIC        ?C?LSTXDATA
  -------         ENDMOD        ?C?LSTXDATA

  -------         MODULE        ?C?LSTKXDATA
  C:0CB5H         PUBLIC        ?C?LSTKXDATA
  -------         ENDMOD        ?C?LSTKXDATA

  -------         MODULE        ?C?OFFXADD
  C:0CE6H         PUBLIC        ?C?OFFXADD
  -------         ENDMOD        ?C?OFFXADD

  -------         MODULE        ?C?MEMSET
  C:0CF2H         PUBLIC        ?C?MEMSET
  -------         ENDMOD        ?C?MEMSET

*** WARNING L16: UNCALLED SEGMENT, IGNORED FOR OVERLAY PROCESS
    SEGMENT: ?PR?_LI?DIS

Program Size: data=9.1 xdata=393 code=6022
LINK/LOCATE RUN COMPLETE.  1 WARNING(S),  0 ERROR(S)
